Godot Engine v4.6.3.stable.official.7d41c59c4 - https://godotengine.org

WARNING: Property agent_height is ceiled to cell_height voxel units and loses precision.
     at: generator_bake_from_source_geometry_data (modules/navigation_3d/3d/nav_mesh_generator_3d.cpp:366)
     GDScript backtrace (most recent call first):
         [0] _bake_boss_nav (res://scripts/world/level.gd:277)
         [1] _bake_nav (res://scripts/world/level.gd:263)
         [2] _ready (res://scripts/world/level.gd:130)
         [3] setup_level (res://qa/boss_navigation_fixture.gd:51)
         [4] _run (res://qa/boss_navigation_fixture.gd:176)
[boss-qa] PASS easy_center_inside_out {"damage":0.0,"difficulty":"easy","elapsed":2.53,"final":[{"collisions":[],"distance":2.5311279296875,"line_of_sight":true,"path":[[0.0,0.5,8.909],[0.0,0.5,9.333],[0.0,0.5,9.389],[0.0,0.5,10.506],[0.0,0.5,10.731],[0.0,0.5,12.0]],"path_index":3,"position":[0.0,0.0,9.469],"velocity":[0.0,0.0,1.68],"wind":0.0}],"reached":true,"wall_winds":0}
[boss-qa] PASS easy_center_outside_in {"damage":8.8,"difficulty":"easy","elapsed":3.68,"final":[{"collisions":[],"distance":1.8282413482666,"line_of_sight":true,"path":[[0.0,0.5,7.309],[0.0,0.5,7.3],[0.0,0.5,7.276],[0.0,0.5,7.25],[0.0,0.5,7.226],[0.0,0.5,7.2],[0.0,0.5,7.176],[0.0,0.5,7.15],[0.0,0.5,7.125],[0.0,0.5,7.1],[0.0,0.5,5.3]],"path_index":10,"position":[0.0,0.0,7.128],"velocity":[0.0,0.0,-1.68],"wind":-0.000000000000000506539254985228}],"reached":true,"wall_winds":0}
[boss-qa] PASS easy_left_inside_out {"damage":0.0,"difficulty":"easy","elapsed":3.72,"final":[{"collisions":[],"distance":2.54985308647156,"line_of_sight":true,"path":[[-1.417,0.5,9.093],[-2.75,0.5,10.25],[-2.97,0.5,10.417],[-2.974,0.5,10.42],[-3.08,0.5,10.501],[-3.086,0.5,10.505],[-3.189,0.5,10.584],[-3.198,0.5,10.591],[-3.877,0.5,11.106],[-3.889,0.5,11.116],[-3.926,0.5,11.144],[-3.973,0.5,11.179],[-4.0,0.5,11.2]],"path_index":1,"position":[-2.009,0.0,9.607],"velocity":[-1.268,0.0,1.102],"wind":0.0}],"reached":true,"wall_winds":0}
[boss-qa] PASS easy_left_outside_in {"damage":0.0,"difficulty":"easy","elapsed":3.87,"final":[{"collisions":[],"distance":2.52819991111755,"line_of_sight":true,"path":[[-1.794,0.5,6.75],[-3.006,0.5,5.954],[-3.069,0.5,5.912],[-3.104,0.5,5.889],[-3.142,0.5,5.864],[-3.273,0.5,5.778],[-3.516,0.5,5.618],[-3.722,0.5,5.483],[-3.902,0.5,5.364],[-4.0,0.5,5.3]],"path_index":1,"position":[-1.887,0.0,6.689],"velocity":[-1.404,0.0,-0.923],"wind":0.0}],"reached":true,"wall_winds":0}
[boss-qa] PASS easy_right_inside_out {"damage":0.0,"difficulty":"easy","elapsed":3.58,"final":[{"collisions":[],"distance":2.52216601371765,"line_of_sight":true,"path":[[1.679,0.5,9.302],[1.698,0.5,9.317],[4.0,0.5,11.2]],"path_index":2,"position":[2.048,0.0,9.603],"velocity":[1.3,0.0,1.064],"wind":0.0}],"reached":true,"wall_winds":0}
[boss-qa] PASS easy_right_outside_in {"damage":0.0,"difficulty":"easy","elapsed":3.8,"final":[{"collisions":[],"distance":2.54704999923706,"line_of_sight":true,"path":[[1.276,0.5,7.117],[1.302,0.5,7.1],[1.382,0.5,7.046],[1.384,0.5,7.045],[1.406,0.5,7.03],[1.695,0.5,6.837],[3.22,0.5,5.82],[4.0,0.5,5.3]],"path_index":6,"position":[1.881,0.0,6.713],"velocity":[1.398,0.0,-0.932],"wind":0.0}],"reached":true,"wall_winds":0}
WARNING: Property agent_height is ceiled to cell_height voxel units and loses precision.
     at: generator_bake_from_source_geometry_data (modules/navigation_3d/3d/nav_mesh_generator_3d.cpp:366)
     GDScript backtrace (most recent call first):
         [0] _bake_boss_nav (res://scripts/world/level.gd:277)
         [1] _bake_nav (res://scripts/world/level.gd:263)
         [2] _ready (res://scripts/world/level.gd:130)
         [3] setup_level (res://qa/boss_navigation_fixture.gd:51)
         [4] _run (res://qa/boss_navigation_fixture.gd:176)
         [5] cleanup_level (res://qa/boss_navigation_fixture.gd:83)
[boss-qa] PASS normal_center_inside_out {"damage":0.0,"difficulty":"normal","elapsed":2.05,"final":[{"collisions":[],"distance":2.5350170135498,"line_of_sight":true,"path":[[0.0,0.5,8.66],[0.0,0.5,8.674],[0.0,0.5,8.724],[0.0,0.5,8.75],[0.0,0.5,8.774],[0.0,0.5,8.795],[0.0,0.5,8.815],[0.0,0.5,9.333],[0.0,0.5,9.389],[0.0,0.5,10.506],[0.0,0.5,10.731],[0.0,0.5,12.0]],"path_index":9,"position":[0.0,0.0,9.465],"velocity":[0.0,0.0,2.1],"wind":0.0}],"reached":true,"wall_winds":0}
[boss-qa] PASS normal_center_outside_in {"damage":22.0,"difficulty":"normal","elapsed":3.13,"final":[{"collisions":[],"distance":1.81335210800171,"line_of_sight":true,"path":[[0.0,0.5,7.415],[0.0,0.5,7.4],[0.0,0.5,7.376],[0.0,0.5,7.351],[0.0,0.5,7.3],[0.0,0.5,7.276],[0.0,0.5,7.25],[0.0,0.5,7.226],[0.0,0.5,7.2],[0.0,0.5,7.176],[0.0,0.5,7.15],[0.0,0.5,7.125],[0.0,0.5,7.1],[0.0,0.5,5.3]],"path_index":13,"position":[0.0,0.0,7.113],"velocity":[0.0,0.0,-2.1],"wind":-0.000000000000000506539254985228}],"reached":true,"wall_winds":0}
[boss-qa] PASS normal_left_inside_out {"damage":0.0,"difficulty":"normal","elapsed":3.0,"final":[{"collisions":[],"distance":2.54935216903687,"line_of_sight":true,"path":[[-1.745,0.5,9.377],[-2.75,0.5,10.25],[-2.97,0.5,10.417],[-2.974,0.5,10.42],[-3.08,0.5,10.501],[-3.086,0.5,10.505],[-3.189,0.5,10.584],[-3.198,0.5,10.591],[-3.877,0.5,11.106],[-3.889,0.5,11.116],[-3.926,0.5,11.144],[-3.973,0.5,11.179],[-4.0,0.5,11.2]],"path_index":1,"position":[-2.01,0.0,9.607],"velocity":[-1.585,0.0,1.377],"wind":0.0}],"reached":true,"wall_winds":0}
[boss-qa] PASS normal_left_outside_in {"damage":0.0,"difficulty":"normal","elapsed":3.12,"final":[{"collisions":[],"distance":2.53772711753845,"line_of_sight":true,"path":[[-1.85,0.5,6.713],[-3.006,0.5,5.954],[-3.069,0.5,5.912],[-3.104,0.5,5.889],[-3.142,0.5,5.864],[-3.273,0.5,5.778],[-3.516,0.5,5.618],[-3.722,0.5,5.483],[-3.902,0.5,5.364],[-4.0,0.5,5.3]],"path_index":1,"position":[-1.879,0.0,6.694],"velocity":[-1.755,0.0,-1.153],"wind":0.0}],"reached":true,"wall_winds":0}
[boss-qa] PASS normal_right_inside_out {"damage":0.0,"difficulty":"normal","elapsed":2.88,"final":[{"collisions":[],"distance":2.54433798789978,"line_of_sight":true,"path":[[1.84,0.5,9.435],[4.0,0.5,11.2]],"path_index":1,"position":[2.03,0.0,9.59],"velocity":[1.626,0.0,1.329],"wind":0.0}],"reached":true,"wall_winds":0}
[boss-qa] PASS normal_right_outside_in {"damage":0.0,"difficulty":"normal","elapsed":3.07,"final":[{"collisions":[],"distance":2.54763245582581,"line_of_sight":true,"path":[[1.618,0.5,6.888],[1.695,0.5,6.837],[3.22,0.5,5.82],[4.0,0.5,5.3]],"path_index":2,"position":[1.88,0.0,6.713],"velocity":[1.747,0.0,-1.165],"wind":0.0}],"reached":true,"wall_winds":0}
[boss-qa] PASS near_wall_inside_out {"damage":0.0,"difficulty":"normal","elapsed":2.6,"final":[{"collisions":[],"distance":2.54105305671692,"line_of_sight":true,"path":[[-1.066,0.5,8.79],[-2.75,0.5,10.25],[-2.95,0.5,10.35],[-3.05,0.5,10.4],[-3.15,0.5,10.45],[-4.0,0.5,10.45],[-4.052,0.5,10.424],[-4.1,0.5,10.4],[-4.2,0.5,10.35],[-4.3,0.5,10.3],[-4.4,0.5,10.25],[-4.5,0.5,10.15],[-4.6,0.5,9.95],[-4.65,0.5,9.85],[-4.7,0.5,9.75],[-4.7,0.5,9.0]],"path_index":1,"position":[-1.462,0.0,9.134],"velocity":[-1.587,0.0,1.376],"wind":0.0}],"reached":true,"wall_winds":0}
[boss-qa] PASS near_wall_outside_in {"damage":0.0,"difficulty":"normal","elapsed":2.52,"final":[{"collisions":[],"distance":2.54705858230591,"line_of_sight":true,"path":[[1.04,0.5,7.281],[1.1,0.5,7.25],[1.2,0.5,7.2],[1.3,0.5,7.15],[1.4,0.5,7.1],[1.7,0.5,7.088],[1.79,0.5,7.085],[4.0,0.5,7.0]],"path_index":5,"position":[1.455,0.0,7.112],"velocity":[2.09,0.0,-0.204],"wind":0.0}],"reached":true,"wall_winds":0}
WARNING: Property agent_height is ceiled to cell_height voxel units and loses precision.
     at: generator_bake_from_source_geometry_data (modules/navigation_3d/3d/nav_mesh_generator_3d.cpp:366)
     GDScript backtrace (most recent call first):
         [0] _bake_boss_nav (res://scripts/world/level.gd:277)
         [1] _bake_nav (res://scripts/world/level.gd:263)
         [2] _ready (res://scripts/world/level.gd:130)
         [3] setup_level (res://qa/boss_navigation_fixture.gd:51)
         [4] _run (res://qa/boss_navigation_fixture.gd:176)
         [5] cleanup_level (res://qa/boss_navigation_fixture.gd:83)
[boss-qa] PASS hard_center_inside_out {"damage":0.0,"difficulty":"hard","elapsed":1.73,"final":[{"collisions":[],"distance":2.53812789916992,"line_of_sight":true,"path":[[0.0,0.5,9.042],[0.0,0.5,9.333],[0.0,0.5,9.389],[0.0,0.5,10.506],[0.0,0.5,10.731],[0.0,0.5,12.0]],"path_index":3,"position":[0.0,0.0,9.462],"velocity":[0.0,0.0,2.52],"wind":0.0}],"reached":true,"wall_winds":0}
[boss-qa] PASS hard_center_outside_in {"damage":27.5,"difficulty":"hard","elapsed":2.77,"final":[{"collisions":[],"distance":1.80912971496582,"line_of_sight":true,"path":[[0.0,0.5,7.712],[0.0,0.5,7.7],[0.0,0.5,7.65],[0.0,0.5,7.6],[0.0,0.5,7.55],[0.0,0.5,7.5],[0.0,0.5,7.45],[0.0,0.5,7.4],[0.0,0.5,7.376],[0.0,0.5,7.351],[0.0,0.5,7.3],[0.0,0.5,7.276],[0.0,0.5,7.25],[0.0,0.5,7.226],[0.0,0.5,7.2],[0.0,0.5,7.176],[0.0,0.5,7.15],[0.0,0.5,7.125],[0.0,0.5,7.1],[0.0,0.5,5.3]],"path_index":19,"position":[0.0,0.0,7.109],"velocity":[0.0,0.0,-1.867],"wind":-0.000000000000000506539254985228}],"reached":true,"wall_winds":0}
[boss-qa] PASS hard_left_inside_out {"damage":0.0,"difficulty":"hard","elapsed":2.53,"final":[{"collisions":[],"distance":2.53790497779846,"line_of_sight":true,"path":[[-1.922,0.5,9.534],[-2.75,0.5,10.25],[-2.97,0.5,10.417],[-2.974,0.5,10.42],[-3.08,0.5,10.501],[-3.086,0.5,10.505],[-3.189,0.5,10.584],[-3.198,0.5,10.591],[-3.877,0.5,11.106],[-3.889,0.5,11.116],[-3.926,0.5,11.144],[-3.973,0.5,11.179],[-4.0,0.5,11.2]],"path_index":1,"position":[-2.017,0.0,9.616],"velocity":[-1.906,0.0,1.649],"wind":0.0}],"reached":true,"wall_winds":0}
[boss-qa] PASS hard_left_outside_in {"damage":0.0,"difficulty":"hard","elapsed":2.63,"final":[{"collisions":[],"distance":2.52202963829041,"line_of_sight":true,"path":[[-1.786,0.5,6.752],[-3.005,0.5,5.952],[-3.069,0.5,5.911],[-3.104,0.5,5.888],[-3.142,0.5,5.863],[-3.273,0.5,5.777],[-3.516,0.5,5.618],[-3.722,0.5,5.483],[-3.902,0.5,5.364],[-4.0,0.5,5.3]],"path_index":1,"position":[-1.891,0.0,6.683],"velocity":[-2.107,0.0,-1.382],"wind":0.0}],"reached":true,"wall_winds":0}
[boss-qa] PASS hard_right_inside_out {"damage":0.0,"difficulty":"hard","elapsed":2.43,"final":[{"collisions":[],"distance":2.53821325302124,"line_of_sight":true,"path":[[1.416,0.5,9.09],[1.501,0.5,9.159],[1.698,0.5,9.32],[4.0,0.5,11.2]],"path_index":3,"position":[2.034,0.0,9.594],"velocity":[1.952,0.0,1.594],"wind":0.0}],"reached":true,"wall_winds":0}
[boss-qa] PASS hard_right_outside_in {"damage":0.0,"difficulty":"hard","elapsed":2.6,"final":[{"collisions":[],"distance":2.50806593894958,"line_of_sight":true,"path":[[1.529,0.5,6.948],[1.695,0.5,6.837],[3.22,0.5,5.82],[4.0,0.5,5.3]],"path_index":2,"position":[1.913,0.0,6.691],"velocity":[2.097,0.0,-1.398],"wind":0.0}],"reached":true,"wall_winds":0}
WARNING: Property agent_height is ceiled to cell_height voxel units and loses precision.
     at: generator_bake_from_source_geometry_data (modules/navigation_3d/3d/nav_mesh_generator_3d.cpp:366)
     GDScript backtrace (most recent call first):
         [0] _bake_boss_nav (res://scripts/world/level.gd:277)
         [1] _bake_nav (res://scripts/world/level.gd:263)
         [2] _ready (res://scripts/world/level.gd:130)
         [3] setup_level (res://qa/boss_navigation_fixture.gd:51)
         [4] _run (res://qa/boss_navigation_fixture.gd:176)
         [5] cleanup_level (res://qa/boss_navigation_fixture.gd:83)
[boss-qa] PASS insane_center_inside_out {"damage":0.0,"difficulty":"insane","elapsed":1.47,"final":[{"collisions":[],"distance":2.53987693786621,"line_of_sight":true,"path":[[0.0,0.5,8.8],[0.0,0.5,8.815],[0.0,0.5,9.333],[0.0,0.5,9.389],[0.0,0.5,10.506],[0.0,0.5,10.731],[0.0,0.5,12.0]],"path_index":4,"position":[0.0,0.0,9.46],"velocity":[0.0,0.0,3.045],"wind":0.0}],"reached":true,"wall_winds":0}
[boss-qa] PASS insane_center_outside_in {"damage":39.6,"difficulty":"insane","elapsed":2.43,"final":[{"collisions":[],"distance":1.82121229171753,"line_of_sight":true,"path":[[0.0,0.5,7.738],[0.0,0.5,7.7],[0.0,0.5,7.65],[0.0,0.5,7.6],[0.0,0.5,7.55],[0.0,0.5,7.5],[0.0,0.5,7.45],[0.0,0.5,7.4],[0.0,0.5,7.376],[0.0,0.5,7.351],[0.0,0.5,7.3],[0.0,0.5,7.276],[0.0,0.5,7.25],[0.0,0.5,7.226],[0.0,0.5,7.2],[0.0,0.5,7.176],[0.0,0.5,7.15],[0.0,0.5,7.125],[0.0,0.5,7.1],[0.0,0.5,5.3]],"path_index":19,"position":[0.0,0.0,7.121],"velocity":[0.0,0.0,-1.4],"wind":-0.000000000000000506539254985228}],"reached":true,"wall_winds":0}
[boss-qa] PASS insane_left_inside_out {"damage":0.0,"difficulty":"insane","elapsed":2.15,"final":[{"collisions":[],"distance":2.50693416595459,"line_of_sight":true,"path":[[-1.0,0.5,8.74],[-1.0,0.5,8.75],[-2.75,0.5,10.25],[-2.97,0.5,10.417],[-2.974,0.5,10.42],[-3.08,0.5,10.501],[-3.086,0.5,10.505],[-3.189,0.5,10.584],[-3.198,0.5,10.591],[-3.877,0.5,11.106],[-3.889,0.5,11.116],[-3.926,0.5,11.144],[-3.973,0.5,11.179],[-4.0,0.5,11.2]],"path_index":2,"position":[-2.04,0.0,9.636],"velocity":[-2.303,0.0,1.992],"wind":0.0}],"reached":true,"wall_winds":0}
[boss-qa] PASS insane_left_outside_in {"damage":0.0,"difficulty":"insane","elapsed":2.22,"final":[{"collisions":[],"distance":2.51446175575256,"line_of_sight":true,"path":[[-1.346,0.5,7.041],[-1.385,0.5,7.015],[-3.005,0.5,5.952],[-3.069,0.5,5.911],[-3.104,0.5,5.888],[-3.141,0.5,5.863],[-3.273,0.5,5.777],[-3.516,0.5,5.617],[-3.722,0.5,5.483],[-3.902,0.5,5.364],[-4.0,0.5,5.3]],"path_index":2,"position":[-1.897,0.0,6.679],"velocity":[-2.546,0.0,-1.67],"wind":0.0}],"reached":true,"wall_winds":0}
[boss-qa] PASS insane_right_inside_out {"damage":0.0,"difficulty":"insane","elapsed":2.05,"final":[{"collisions":[],"distance":2.53735756874084,"line_of_sight":true,"path":[[1.72,0.5,9.338],[4.0,0.5,11.2]],"path_index":1,"position":[2.035,0.0,9.595],"velocity":[2.358,0.0,1.926],"wind":0.0}],"reached":true,"wall_winds":0}
[boss-qa] PASS insane_right_outside_in {"damage":0.0,"difficulty":"insane","elapsed":2.18,"final":[{"collisions":[],"distance":2.52065992355347,"line_of_sight":true,"path":[[1.818,0.5,6.755],[3.22,0.5,5.82],[4.0,0.5,5.3]],"path_index":1,"position":[1.903,0.0,6.698],"velocity":[2.534,0.0,-1.689],"wind":0.0}],"reached":true,"wall_winds":0}
[boss-qa] PASS three_boss_inside_out {"damage":39.6,"difficulty":"insane","elapsed":2.42,"final":[{"collisions":[],"distance":1.9950362443924,"line_of_sight":true,"path":[[-0.988,0.5,10.072],[-0.488,0.5,11.048],[-0.423,0.5,11.174],[0.0,0.5,12.0]],"path_index":1,"position":[-1.053,0.0,10.305],"velocity":[-0.118,0.0,0.106],"wind":0.133333333333333},{"collisions":[],"distance":1.39273691177368,"line_of_sight":true,"path":[[0.48,0.5,10.491],[0.0,0.5,12.0]],"path_index":1,"position":[0.461,0.0,10.686],"velocity":[-0.552,0.0,2.208],"wind":-0.000000000000000506539254985228},{"collisions":[],"distance":2.53144526481628,"line_of_sight":true,"path":[[-0.136,0.5,9.334],[-0.133,0.5,9.378],[-0.131,0.5,9.43],[-0.072,0.5,10.585],[-0.061,0.5,10.795],[0.0,0.5,12.0]],"path_index":3,"position":[-0.092,0.0,9.47],"velocity":[0.531,0.0,1.215],"wind":0.0}],"reached":true,"wall_winds":0}
[boss-qa] PASS three_boss_switch_inside {"damage":39.6,"difficulty":"insane","elapsed":2.82,"final":[{"collisions":[],"distance":1.31659603118896,"line_of_sight":true,"path":[[-1.804,0.5,6.638],[-2.983,0.5,5.848],[-3.052,0.5,5.801],[-3.09,0.5,5.776],[-3.131,0.5,5.748],[-3.275,0.5,5.652],[-3.498,0.5,5.503],[-3.719,0.5,5.354],[-3.8,0.5,5.3]],"path_index":1,"position":[-2.686,0.0,6.001],"velocity":[-1.618,0.0,-1.286],"wind":0.316666666666666},{"collisions":[],"distance":2.53614664077759,"line_of_sight":true,"path":[[-1.055,0.5,7.229],[-1.095,0.5,7.201],[-1.097,0.5,7.2],[-1.166,0.5,7.152],[-1.168,0.5,7.15],[-1.236,0.5,7.102],[-1.239,0.5,7.1],[-1.316,0.5,7.046],[-1.318,0.5,7.045],[-1.395,0.5,6.991],[-2.988,0.5,5.871],[-3.055,0.5,5.823],[-3.093,0.5,5.797],[-3.133,0.5,5.769],[-3.275,0.5,5.669],[-3.499,0.5,5.511],[-3.719,0.5,5.357],[-3.8,0.5,5.3]],"path_index":10,"position":[-1.733,0.0,6.769],"velocity":[-1.155,0.0,-0.711],"wind":-0.000000000000000506539254985228},{"collisions":[],"distance":0.319317370653152,"line_of_sight":true,"path":[[-3.98,0.5,5.172],[-3.915,0.5,5.218],[-3.8,0.5,5.3]],"path_index":2,"position":[-4.061,0.0,5.115],"velocity":[-0.581,0.0,-0.412],"wind":-0.000000000000000506539254985228}],"reached":true,"wall_winds":0}
[boss-qa] PASS three_boss_switch_outside_right {"damage":39.6,"difficulty":"insane","elapsed":3.07,"final":[{"collisions":[],"distance":1.31574141979218,"line_of_sight":true,"path":[[1.435,0.5,9.179],[1.461,0.5,9.2],[1.697,0.5,9.386],[4.0,0.5,11.2]],"path_index":3,"position":[2.966,0.0,10.386],"velocity":[1.72,0.0,1.354],"wind":0.366666666666666},{"collisions":[],"distance":0.202023431658745,"line_of_sight":true,"path":[[3.567,0.5,10.859],[4.0,0.5,11.2]],"path_index":2,"position":[4.159,0.0,11.325],"velocity":[1.475,0.0,1.163],"wind":-0.000000000000000506539254985228},{"collisions":[],"distance":2.52172684669495,"line_of_sight":true,"path":[[1.429,0.5,9.175],[1.461,0.5,9.2],[1.697,0.5,9.386],[4.0,0.5,11.2]],"path_index":3,"position":[2.019,0.0,9.64],"velocity":[1.728,0.0,1.361],"wind":-0.000000000000000506539254985228}],"reached":true,"wall_winds":0}
[boss-qa] PASS three_boss_switch_inside_right {"damage":39.6,"difficulty":"insane","elapsed":2.85,"final":[{"collisions":[],"distance":1.35100996494293,"line_of_sight":true,"path":[[2.102,0.5,6.422],[3.183,0.5,5.783],[4.0,0.5,5.3]],"path_index":1,"position":[2.783,0.0,5.886],"velocity":[1.369,0.0,-1.285],"wind":0.366666666666666},{"collisions":[],"distance":2.54159903526306,"line_of_sight":true,"path":[[1.822,0.5,6.772],[3.224,0.5,5.824],[4.0,0.5,5.3]],"path_index":1,"position":[1.899,0.0,6.731],"velocity":[1.458,0.0,-0.739],"wind":-0.000000000000000506539254985228},{"collisions":[],"distance":0.266040027141571,"line_of_sight":true,"path":[[4.001,0.5,5.614],[4.0,0.5,5.3]],"path_index":1,"position":[4.071,0.0,5.556],"velocity":[1.233,0.0,-1.311],"wind":-0.000000000000000506539254985228}],"reached":true,"wall_winds":0}
[boss-qa] RESULT {"cases":30,"failed":0,"lifecycle_failed":0,"report":"/workspace/scratch/b4c1b123f420/paw-swat-work/boss-qa/evidence/prototype-full.json","wall_seconds":9.226}
WARNING: ObjectDB instances leaked at exit (run with --verbose for details).
   at: cleanup (core/object/object.cpp:2663)
ERROR: 4 resources still in use at exit (run with --verbose for details).
   at: clear (core/io/resource.cpp:810)
