Godot Engine v4.6.3.stable.official.7d41c59c4 - https://godotengine.org

WARNING: Property agent_height is ceiled to cell_height voxel units and loses precision.
     at: generator_bake_from_source_geometry_data (modules/navigation_3d/3d/nav_mesh_generator_3d.cpp:366)
     GDScript backtrace (most recent call first):
         [0] _bake_boss_nav (res://scripts/world/level.gd:277)
         [1] _bake_nav (res://scripts/world/level.gd:263)
         [2] _ready (res://scripts/world/level.gd:130)
         [3] _run (res://qa/native_input_state.gd:65)
         [4] frames (res://qa/native_input_state.gd:27)
[native-input-qa] PASS production_touch_controls_present {"size":"(2400.0, 1080.0)","viewport":"(2400.0, 1080.0)"}
[native-input-qa] FAIL signed_browser_touch_id_can_move {"move":"(0.0, 0.0)","owner":-2147483647}
[native-input-qa] FAIL minus_one_browser_touch_id_can_move {"move":"(0.0, 0.0)","owner":-1}
[native-input-qa] FAIL hidden_controls_cannot_drive_player {"move":"(0.666667, -0.5)","owner":8}
[native-input-qa] PASS simultaneous_move_and_fire_native_events {}
[native-input-qa] PASS new_move_takes_over_after_lost_release {}
[native-input-qa] PASS late_old_move_release_preserves_new_owners {}
[native-input-qa] PASS new_fire_takes_over_after_lost_release {}
[native-input-qa] PASS late_old_fire_release_preserves_new_owners {}
[native-input-qa] PASS lock_mode_fire_cancel_preserves_move {}
[native-input-qa] PASS move_cancel_releases_move {}
[native-input-qa] PASS hidden_grenade_button_not_hit {}
[native-input-qa] PASS hidden_grenade_position_falls_through_to_fire {}
[native-input-qa] PASS available_grenade_button_is_hit {}
[native-input-qa] PASS grenade_touch_queues_production_action {}
[native-input-qa] FAIL hidden_held_button_clears_owner {}
[native-input-qa] PASS new_touch_after_grenade_hidden_uses_valid_fire_zone {}
[native-input-qa] PASS hidden_weapon_button_not_hit {}
[native-input-qa] PASS hidden_weapon_position_falls_through_to_fire {}
[native-input-qa] PASS available_weapon_touch_queues_switch {}
[native-input-qa] PASS hidden_interact_button_not_hit {}
[native-input-qa] PASS hidden_interact_position_falls_through_to_fire {}
[native-input-qa] PASS release_mode_hold_does_not_shoot {}
[native-input-qa] FAIL release_mode_cancel_does_not_fire_burst {"burst_remaining":0.352857142857143,"shoot":true}
[native-input-qa] PASS manual_native_back_notification_opens_pause {}
[native-input-qa] PASS manual_native_back_notification_resumes {}
[native-input-qa] FAIL released_while_paused_does_not_resume_stale_input {"fire_owner":71,"move":"(0.666667, -0.5)","move_owner":70,"shoot":true}
[native-input-qa] PASS manual_application_paused_notification_opens_pause {}
[native-input-qa] PASS pause_menu_close_resumes_after_background_notification {}
[native-input-qa] FAIL focus_out_clears_both_owners_and_cache {"fire_owner":81,"move":"(0.666667, -0.5)","move_owner":80,"shoot":true}
[native-input-qa] FAIL reused_id_moves_to_fire_without_dual_ownership {}
[native-input-qa] FAIL signed_minus_one_fire_contact_is_active {}
[native-input-qa] PASS signed_minus_one_fire_cancel_releases {}
[native-input-qa] PASS far_drag_keeps_floating_stick_active {}
[native-input-qa] FAIL rotation_coordinate_change_clears_cache_immediately {}
[native-input-qa] FAIL hidden_reload_button_is_not_hit {}
[native-input-qa] FAIL nonfinite_drag_does_not_corrupt_movement {}
[native-input-qa] FAIL nonfinite_press_does_not_claim_input {}
[native-input-qa] PASS ordinary_release_still_fires_burst {}
[native-input-qa] FAIL already_visible_portrait_overlay_still_pauses_level {}
[native-input-qa] PASS landscape_resume_uses_fresh_contacts {}
[native-input-qa] RESULT {"checks":41,"failed":14,"passed":false,"report":"/workspace/scratch/b4c1b123f420/paw-swat-work/v011/wechat-qa/runtime/before/data/godot/app_userdata/爪爪特警 PAW S.W.A.T/native-input-state-report.json"}
