[web-input-dom-mock] PASS observer_listeners_are_canvas_capture_passive
[web-input-dom-mock] PASS no_document_touchmove_or_dblclick_interception
[web-input-dom-mock] PASS observer_preserves_touchstart_propagation_2
[web-input-dom-mock] PASS runtime_and_observer_preserve_extreme_signed_ids
[web-input-dom-mock] PASS actual_runtime_canvas_css_to_pixel_mapping
[web-input-dom-mock] PASS observer_preserves_touchmove_propagation_5
[web-input-dom-mock] PASS multifinger_drag_keeps_untouched_fire_contact
[web-input-dom-mock] PASS observer_preserves_touchcancel_propagation_7
[web-input-dom-mock] PASS actual_runtime_maps_cancel_to_release_but_observer_recovers_it
[web-input-dom-mock] PASS observer_preserves_touchend_propagation_9
[web-input-dom-mock] PASS ordinary_release_is_not_cancellation
[web-input-dom-mock] PASS observer_preserves_touchstart_propagation_11
[web-input-dom-mock] PASS observer_preserves_touchstart_propagation_12
[web-input-dom-mock] PASS live_contact_list_repairs_missing_old_end
[web-input-dom-mock] PASS observer_preserves_touchend_propagation_14
[web-input-dom-mock] PASS late_old_end_preserves_new_contact
[web-input-dom-mock] PASS observer_preserves_touchcancel_propagation_16
[web-input-dom-mock] PASS observer_preserves_touchstart_propagation_17
[web-input-dom-mock] PASS reused_contact_id_clears_old_cancel_marker
[web-input-dom-mock] PASS blur_cancels_all_active_contacts_and_changes_revision
[web-input-dom-mock] PASS observer_preserves_touchstart_propagation_20
[web-input-dom-mock] PASS hidden_document_cancels_contacts
[web-input-dom-mock] PASS observer_preserves_touchstart_propagation_22
[web-input-dom-mock] PASS new_session_clears_active_cancel_and_seen_state
[web-input-dom-mock] PASS observer_preserves_touchmove_propagation_24
[web-input-dom-mock] PASS missing_targetTouches_does_not_kill_held_contact
[web-input-dom-mock] PASS maxTouchPoints_detection_handles_missing_mobile_UA_and_ontouchstart
[web-input-dom-mock] PASS audio_head_prefix_is_unchanged
[web-input-dom-mock] PASS buffered_old_cancel_survives_new_same_id_DOM_press
[web-input-dom-mock] PASS new_same_id_ordinary_release_is_not_old_cancel
[web-input-dom-mock] RESULT {"checks":30,"failed":0}
