Godot Engine v4.6.3.stable.official.7d41c59c4 - https://godotengine.org

[effects-qa] spark {"estimated_geometry_passes":100,"labels":0,"lights":0,"meshes":0,"nodes":101,"particle_amount":700,"particle_emitters":100,"shadow_casting_geometry":100,"shadow_casting_particle_amount":700,"triangles_in_geometry":8400,"unique_material_resources":1,"unique_mesh_resources":1,"visible_nodes":101}
[effects-qa] PASS spark pauses without recycling/freeing
[effects-qa] dust {"estimated_geometry_passes":100,"labels":0,"lights":0,"meshes":0,"nodes":101,"particle_amount":600,"particle_emitters":100,"shadow_casting_geometry":100,"shadow_casting_particle_amount":600,"triangles_in_geometry":48000,"unique_material_resources":1,"unique_mesh_resources":1,"visible_nodes":101}
[effects-qa] PASS dust pauses without recycling/freeing
[effects-qa] muzzle {"estimated_geometry_passes":100,"labels":0,"lights":100,"meshes":100,"nodes":201,"particle_amount":0,"particle_emitters":0,"shadow_casting_geometry":0,"shadow_casting_particle_amount":0,"triangles_in_geometry":200,"unique_material_resources":1,"unique_mesh_resources":1,"visible_nodes":201}
[effects-qa] PASS muzzle pauses without recycling/freeing
[effects-qa] ring {"estimated_geometry_passes":100,"labels":0,"lights":0,"meshes":100,"nodes":101,"particle_amount":0,"particle_emitters":0,"shadow_casting_geometry":0,"shadow_casting_particle_amount":0,"triangles_in_geometry":200,"unique_material_resources":100,"unique_mesh_resources":100,"visible_nodes":101}
[effects-qa] PASS ring pauses without recycling/freeing
[effects-qa] ghost {"estimated_geometry_passes":200,"labels":0,"lights":0,"meshes":200,"nodes":301,"particle_amount":0,"particle_emitters":0,"shadow_casting_geometry":200,"shadow_casting_particle_amount":0,"triangles_in_geometry":119600,"unique_material_resources":100,"unique_mesh_resources":2,"visible_nodes":301}
[effects-qa] PASS ghost pauses without recycling/freeing
[effects-qa] popup {"estimated_geometry_passes":0,"labels":100,"lights":0,"meshes":0,"nodes":101,"particle_amount":0,"particle_emitters":0,"shadow_casting_geometry":0,"shadow_casting_particle_amount":0,"triangles_in_geometry":0,"unique_material_resources":0,"unique_mesh_resources":0,"visible_nodes":101}
[effects-qa] PASS popup pauses without recycling/freeing
[effects-qa] notice {"estimated_geometry_passes":0,"labels":100,"lights":0,"meshes":0,"nodes":101,"particle_amount":0,"particle_emitters":0,"shadow_casting_geometry":0,"shadow_casting_particle_amount":0,"triangles_in_geometry":0,"unique_material_resources":0,"unique_mesh_resources":0,"visible_nodes":101}
[effects-qa] PASS notice pauses without recycling/freeing
[effects-qa] shell {"estimated_geometry_passes":36,"labels":0,"lights":0,"meshes":36,"nodes":37,"particle_amount":0,"particle_emitters":0,"shadow_casting_geometry":0,"shadow_casting_particle_amount":0,"triangles_in_geometry":1296,"unique_material_resources":1,"unique_mesh_resources":1,"visible_nodes":37}
[effects-qa] PASS all shells returned and level count restored
[effects-qa] bullets bullet {"estimated_geometry_passes":100,"labels":0,"lights":0,"meshes":100,"nodes":201,"particle_amount":0,"particle_emitters":0,"shadow_casting_geometry":0,"shadow_casting_particle_amount":0,"triangles_in_geometry":1200,"unique_material_resources":1,"unique_mesh_resources":1,"visible_nodes":101}
[effects-qa] bullets rocket {"estimated_geometry_passes":300,"labels":0,"lights":0,"meshes":200,"nodes":301,"particle_amount":0,"particle_emitters":0,"shadow_casting_geometry":100,"shadow_casting_particle_amount":0,"triangles_in_geometry":119600,"unique_material_resources":201,"unique_mesh_resources":2,"visible_nodes":301}
[effects-qa] bullets enemy {"estimated_geometry_passes":200,"labels":0,"lights":0,"meshes":200,"nodes":301,"particle_amount":0,"particle_emitters":0,"shadow_casting_geometry":0,"shadow_casting_particle_amount":0,"triangles_in_geometry":45200,"unique_material_resources":2,"unique_mesh_resources":2,"visible_nodes":301}
[effects-qa] PASS pool teardown completed
[effects-qa] RESULT PASS output=/workspace/scratch/b4c1b123f420/paw-swat-work/v011/effects-qa/baseline-counts.json
