Fontconfig error: No writable cache directories
Fontconfig error: No writable cache directories
Fontconfig error: No writable cache directories
Fontconfig error: No writable cache directories
Fontconfig error: No writable cache directories
Fontconfig error: No writable cache directories
Fontconfig error: No writable cache directories
Fontconfig error: No writable cache directories
Fontconfig error: No writable cache directories
Fontconfig error: No writable cache directories
Fontconfig error: No writable cache directories
Fontconfig error: No writable cache directories
Fontconfig error: No writable cache directories
Fontconfig error: No writable cache directories
Fontconfig error: No writable cache directories
Fontconfig error: No writable cache directories
Fontconfig error: No writable cache directories
Fontconfig error: No writable cache directories
Fontconfig error: No writable cache directories
Fontconfig error: No writable cache directories
Fontconfig error: No writable cache directories
Fontconfig error: No writable cache directories
Fontconfig error: No writable cache directories
Fontconfig error: No writable cache directories
Fontconfig error: No writable cache directories
Fontconfig error: No writable cache directories
Fontconfig error: No writable cache directories
Fontconfig error: No writable cache directories
Fontconfig error: No writable cache directories
Fontconfig error: No writable cache directories
ERROR: Could not create directory: '/home/agent/.local/share/godot'.
   at: make_dir_recursive (core/io/dir_access.cpp:178)
ERROR: Error attempting to create data dir: /home/agent/.local/share/godot/app_userdata/爪爪特警 PAW S.W.A.T.
   at: ensure_user_data_dir (core/os/os.cpp:437)
Godot Engine v4.6.3.stable.official.7d41c59c4 - https://godotengine.org
ERROR: Could not create directory: '/home/agent/.local/share/godot'.
   at: make_dir_recursive (core/io/dir_access.cpp:178)
ERROR: Could not create editor data directory: /home/agent/.local/share/godot
   at: EditorPaths (editor/file_system/editor_paths.cpp:200)
ERROR: Could not create directory: '/home/agent/.config/godot'.
   at: make_dir_recursive (core/io/dir_access.cpp:178)
ERROR: Could not create editor config directory: /home/agent/.config/godot
   at: EditorPaths (editor/file_system/editor_paths.cpp:215)
ERROR: Could not create directory: '/home/agent/.cache/godot'.
   at: make_dir_recursive (core/io/dir_access.cpp:178)
ERROR: Could not create editor cache directory: /home/agent/.cache/godot
   at: EditorPaths (editor/file_system/editor_paths.cpp:236)

Fontconfig error: No writable cache directories
Fontconfig error: No writable cache directories
Fontconfig error: No writable cache directories
Fontconfig error: No writable cache directories
Fontconfig error: No writable cache directories
Fontconfig error: No writable cache directories
Fontconfig error: No writable cache directories
Fontconfig error: No writable cache directories
Fontconfig error: No writable cache directories
Fontconfig error: No writable cache directories
Fontconfig error: No writable cache directories
Fontconfig error: No writable cache directories
Fontconfig error: No writable cache directories
Fontconfig error: No writable cache directories
Fontconfig error: No writable cache directories
Fontconfig error: No writable cache directories
Fontconfig error: No writable cache directories
Fontconfig error: No writable cache directories
Fontconfig error: No writable cache directories
Fontconfig error: No writable cache directories
Fontconfig error: No writable cache directories
Fontconfig error: No writable cache directories
Fontconfig error: No writable cache directories
Fontconfig error: No writable cache directories
Fontconfig error: No writable cache directories
Fontconfig error: No writable cache directories
Fontconfig error: No writable cache directories
Fontconfig error: No writable cache directories
Fontconfig error: No writable cache directories
Fontconfig error: No writable cache directories
ERROR: Cannot create file '/home/agent/.cache/godot/editor_doc_cache-4.6.res'.
   at: save (core/io/resource_format_binary.cpp:2181)
ERROR: Cannot save editor help cache (/home/agent/.cache/godot/editor_doc_cache-4.6.res).
   at: _gen_doc_thread (editor/doc/editor_help.cpp:3082)
ERROR: Could not open 'user://' directory: 'user://'.
   at: _get_and_create_snapshot_storage_dir (modules/objectdb_profiler/editor/objectdb_profiler_panel.cpp:154)
Unable to open Android 'build-tools' directory.
ERROR: Cannot open directory '/home/agent/.config/godot/feature_profiles'.
   at: _update_profile_list (editor/settings/editor_feature_profile.cpp:390)
[   0% ] [90m[1mfirst_scan_filesystem[22m | Started Project initialization (5 steps)[39m[0m
[   0% ] [90m[1mfirst_scan_filesystem[22m | Scanning file structure...[39m[0m
[  16% ] [90m[1mfirst_scan_filesystem[22m | Loading global class names...[39m[0m
[  33% ] [90m[1mfirst_scan_filesystem[22m | Verifying GDExtensions...[39m[0m
[  50% ] [90m[1mfirst_scan_filesystem[22m | Creating autoload scripts...[39m[0m
SCRIPT ERROR: Parse Error: Cannot infer the type of "wanted" variable because the value doesn't have a set type.
          at: GDScript::reload (res://scripts/actors/zombie.gd:286)
SCRIPT ERROR: Compile Error: Failed to compile depended scripts.
          at: GDScript::reload (res://scripts/ui/touch_controls.gd:0)
SCRIPT ERROR: Compile Error: Failed to compile depended scripts.
          at: GDScript::reload (res://scripts/ui/hud.gd:0)
SCRIPT ERROR: Compile Error: Failed to compile depended scripts.
          at: GDScript::reload (res://scripts/actors/bullet.gd:0)
SCRIPT ERROR: Compile Error: Failed to compile depended scripts.
          at: GDScript::reload (res://scripts/world/door.gd:0)
SCRIPT ERROR: Compile Error: Failed to compile depended scripts.
          at: GDScript::reload (res://scripts/actors/player.gd:0)
SCRIPT ERROR: Compile Error: Failed to compile depended scripts.
          at: GDScript::reload (res://scripts/world/level.gd:0)
SCRIPT ERROR: Compile Error: Failed to compile depended scripts.
          at: GDScript::reload (res://scripts/autoload/game.gd:0)
ERROR: Failed to load script "res://scripts/autoload/game.gd" with error "Parse error".
   at: load (modules/gdscript/gdscript.cpp:2907)
[  66% ] [90m[1mfirst_scan_filesystem[22m | Initializing plugins...[39m[0m
[  83% ] [90m[1mfirst_scan_filesystem[22m | Starting file scan...[39m[0m
[92m[ DONE ][39m [1mfirst_scan_filesystem[22m
[0m
[   0% ] [90m[1mupdate_scripts_classes[22m | Started Registering global classes... (2 steps)[39m[0m
[   0% ] [90m[1mupdate_scripts_classes[22m | Bullet[39m[0m
[  33% ] [90m[1mupdate_scripts_classes[22m | Fx[39m[0m
[92m[ DONE ][39m [1mupdate_scripts_classes[22m
[0m
[   0% ] [90m[1mloading_editor_layout[22m | Started Loading editor (5 steps)[39m[0m
[   0% ] [90m[1mloading_editor_layout[22m | Loading editor layout...[39m[0m
[  16% ] [90m[1mloading_editor_layout[22m | Loading docks...[39m[0m
[92m[ DONE ][39m [1mloading_editor_layout[22m
[0m
ERROR: Can't save resource to empty path. Provide non-empty path or a Resource with non-empty resource_path.
   at: save (core/io/resource_saver.cpp:106)
ERROR: Error saving editor settings to 
   at: save (editor/settings/editor_settings.cpp:1404)
