Godot Engine v4.6.3.stable.official.7d41c59c4 - https://godotengine.org

[packed-qa] Using external Node harness; production res:// resources come from the loaded PCK
WARNING: Property agent_height is ceiled to cell_height voxel units and loses precision.
     at: generator_bake_from_source_geometry_data (modules/navigation_3d/3d/nav_mesh_generator_3d.cpp:366)
     GDScript backtrace (most recent call first):
         [0] _bake_boss_nav (res://scripts/world/level.gd:303)
         [1] _bake_nav (res://scripts/world/level.gd:289)
         [2] _ready (res://scripts/world/level.gd:140)
         [3] run (/workspace/scratch/b4c1b123f420/paw-swat-work/boss-qa/harness/packed_victory_probe.gd:18)
WARNING: Property agent_height is ceiled to cell_height voxel units and loses precision.
     at: generator_bake_from_source_geometry_data (modules/navigation_3d/3d/nav_mesh_generator_3d.cpp:366)
     GDScript backtrace (most recent call first):
         [0] _bake_boss_nav (res://scripts/world/level.gd:303)
         [1] _bake_nav (res://scripts/world/level.gd:289)
         [2] _ready (res://scripts/world/level.gd:140)
         [3] run (/workspace/scratch/b4c1b123f420/paw-swat-work/boss-qa/harness/packed_victory_probe.gd:18)
WARNING: Property agent_height is ceiled to cell_height voxel units and loses precision.
     at: generator_bake_from_source_geometry_data (modules/navigation_3d/3d/nav_mesh_generator_3d.cpp:366)
     GDScript backtrace (most recent call first):
         [0] _bake_boss_nav (res://scripts/world/level.gd:303)
         [1] _bake_nav (res://scripts/world/level.gd:289)
         [2] _ready (res://scripts/world/level.gd:140)
         [3] run (/workspace/scratch/b4c1b123f420/paw-swat-work/boss-qa/harness/packed_victory_probe.gd:18)
WARNING: Property agent_height is ceiled to cell_height voxel units and loses precision.
     at: generator_bake_from_source_geometry_data (modules/navigation_3d/3d/nav_mesh_generator_3d.cpp:366)
     GDScript backtrace (most recent call first):
         [0] _bake_boss_nav (res://scripts/world/level.gd:303)
         [1] _bake_nav (res://scripts/world/level.gd:289)
         [2] _ready (res://scripts/world/level.gd:140)
         [3] run (/workspace/scratch/b4c1b123f420/paw-swat-work/boss-qa/harness/packed_victory_probe.gd:18)
[packed-victory] RESULT {"checks":36,"classes_from_final_export":true,"failed":0}
