Godot Engine v4.6.3.stable.official.7d41c59c4 - https://godotengine.org

Unable to open Android 'build-tools' directory.
[   0% ] [90m[1mfirst_scan_filesystem[22m | Started Project initialization (5 steps)[39m[0m
[   0% ] [90m[1mfirst_scan_filesystem[22m | Scanning file structure...[39m[0m
[  16% ] [90m[1mfirst_scan_filesystem[22m | Loading global class names...[39m[0m
[  33% ] [90m[1mfirst_scan_filesystem[22m | Verifying GDExtensions...[39m[0m
[  50% ] [90m[1mfirst_scan_filesystem[22m | Creating autoload scripts...[39m[0m
[  66% ] [90m[1mfirst_scan_filesystem[22m | Initializing plugins...[39m[0m
[  83% ] [90m[1mfirst_scan_filesystem[22m | Starting file scan...[39m[0m
[92m[ DONE ][39m [1mfirst_scan_filesystem[22m
[0m
[   0% ] [90m[1mupdate_scripts_classes[22m | Started Registering global classes... (10 steps)[39m[0m
[   0% ] [90m[1mupdate_scripts_classes[22m | Bullet[39m[0m
[   9% ] [90m[1mupdate_scripts_classes[22m | Zombie[39m[0m
[  18% ] [90m[1mupdate_scripts_classes[22m | [39m[0m
[  27% ] [90m[1mupdate_scripts_classes[22m | CharModel[39m[0m
[  36% ] [90m[1mupdate_scripts_classes[22m | Fx[39m[0m
[  45% ] [90m[1mupdate_scripts_classes[22m | Models[39m[0m
[  54% ] [90m[1mupdate_scripts_classes[22m | PauseMenu[39m[0m
[  63% ] [90m[1mupdate_scripts_classes[22m | TouchControls[39m[0m
[  72% ] [90m[1mupdate_scripts_classes[22m | Level[39m[0m
[  81% ] [90m[1mupdate_scripts_classes[22m | Pickup[39m[0m
[92m[ DONE ][39m [1mupdate_scripts_classes[22m
[0m
[   0% ] [90m[1msavepack[22m | Started Packing (102 steps)[39m[0m
[   1% ] [90m[1msavepack[22m | Storing File: res://.godot/imported/Bungee-Regular.ttf-58cdcdfae0aef1a05fd8c473aa98fdbe.fontdata[39m[0m
[   1% ] [90m[1msavepack[22m | Storing File: res://assets/fonts/Bungee-Regular.ttf.import[39m[0m
[   1% ] [90m[1msavepack[22m | Storing File: res://.godot/imported/NotoSansSC-Black.ttf-ad03b1db769b4667842863e71ae11aee.fontdata[39m[0m
[   1% ] [90m[1msavepack[22m | Storing File: res://assets/fonts/NotoSansSC-Black.ttf.import[39m[0m
[   2% ] [90m[1msavepack[22m | Storing File: res://.godot/imported/NotoSansSC-Medium.ttf-b9fc0864eb5f89a2c92385a10052b365.fontdata[39m[0m
[   2% ] [90m[1msavepack[22m | Storing File: res://assets/fonts/NotoSansSC-Medium.ttf.import[39m[0m
[   3% ] [90m[1msavepack[22m | Storing File: res://.godot/imported/ZCOOLKuaiLe-Regular.ttf-514cd62e906f01188e726a933201eba0.fontdata[39m[0m
[   3% ] [90m[1msavepack[22m | Storing File: res://assets/fonts/ZCOOLKuaiLe-Regular.ttf.import[39m[0m
[   4% ] [90m[1msavepack[22m | Storing File: res://.godot/imported/alarm.wav-d57df3f8b578b49d63857da3f35cc292.sample[39m[0m
[   4% ] [90m[1msavepack[22m | Storing File: res://assets/sfx/alarm.wav.import[39m[0m
[   5% ] [90m[1msavepack[22m | Storing File: res://.godot/imported/alert.wav-3dd697df27fe09f6592f29b818e2bebf.sample[39m[0m
[   5% ] [90m[1msavepack[22m | Storing File: res://assets/sfx/alert.wav.import[39m[0m
[   6% ] [90m[1msavepack[22m | Storing File: res://.godot/imported/bite.wav-386405616b11c4fb04450642d148fc91.sample[39m[0m
[   6% ] [90m[1msavepack[22m | Storing File: res://assets/sfx/bite.wav.import[39m[0m
[   7% ] [90m[1msavepack[22m | Storing File: res://.godot/imported/block.wav-2d854fc34b16ad676447facc7ed2c76b.sample[39m[0m
[   7% ] [90m[1msavepack[22m | Storing File: res://assets/sfx/block.wav.import[39m[0m
[   8% ] [90m[1msavepack[22m | Storing File: res://.godot/imported/bonk.wav-0db2f847544d2084f4f97b6782d47dd0.sample[39m[0m
[   8% ] [90m[1msavepack[22m | Storing File: res://assets/sfx/bonk.wav.import[39m[0m
[   9% ] [90m[1msavepack[22m | Storing File: res://.godot/imported/breach.wav-8ad5c586744f6197ae5226ffc8c77b43.sample[39m[0m
[   9% ] [90m[1msavepack[22m | Storing File: res://assets/sfx/breach.wav.import[39m[0m
[  10% ] [90m[1msavepack[22m | Storing File: res://.godot/imported/chime.wav-f3dc92c41bdf3da275dd07bf607b7bbc.sample[39m[0m
[  10% ] [90m[1msavepack[22m | Storing File: res://assets/sfx/chime.wav.import[39m[0m
[  11% ] [90m[1msavepack[22m | Storing File: res://.godot/imported/clank.wav-ca29ecba43328d54311fbdc64264eba4.sample[39m[0m
[  11% ] [90m[1msavepack[22m | Storing File: res://assets/sfx/clank.wav.import[39m[0m
[  12% ] [90m[1msavepack[22m | Storing File: res://.godot/imported/cuff.wav-951989c74ef7c2b5c59a8bef7bc95691.sample[39m[0m
[  12% ] [90m[1msavepack[22m | Storing File: res://assets/sfx/cuff.wav.import[39m[0m
[  13% ] [90m[1msavepack[22m | Storing File: res://.godot/imported/dash.wav-ce142ca535368506390abc631f4a13c7.sample[39m[0m
[  13% ] [90m[1msavepack[22m | Storing File: res://assets/sfx/dash.wav.import[39m[0m
[  14% ] [90m[1msavepack[22m | Storing File: res://.godot/imported/dodge.wav-d3086b73c33a551d0fdc3a95490d5bc4.sample[39m[0m
[  14% ] [90m[1msavepack[22m | Storing File: res://assets/sfx/dodge.wav.import[39m[0m
[  15% ] [90m[1msavepack[22m | Storing File: res://.godot/imported/empty.wav-cb8034dbacdc0855b6db2fd11f8045d6.sample[39m[0m
[  15% ] [90m[1msavepack[22m | Storing File: res://assets/sfx/empty.wav.import[39m[0m
[  16% ] [90m[1msavepack[22m | Storing File: res://.godot/imported/enemy_shot.wav-ae2ab4dcb48faf3bf3785006e98a0a46.sample[39m[0m
[  16% ] [90m[1msavepack[22m | Storing File: res://assets/sfx/enemy_shot.wav.import[39m[0m
[  17% ] [90m[1msavepack[22m | Storing File: res://.godot/imported/explosion.wav-e1f35b1a1dc4bf25a23a1f22f1673be5.sample[39m[0m
[  17% ] [90m[1msavepack[22m | Storing File: res://assets/sfx/explosion.wav.import[39m[0m
[  18% ] [90m[1msavepack[22m | Storing File: res://.godot/imported/fail.wav-4ad9d137b9d821dc0b80a8a466a2b194.sample[39m[0m
[  18% ] [90m[1msavepack[22m | Storing File: res://assets/sfx/fail.wav.import[39m[0m
[  19% ] [90m[1msavepack[22m | Storing File: res://.godot/imported/groan.wav-ed851c8fc07c87a8b1e0ead721d655dd.sample[39m[0m
[  19% ] [90m[1msavepack[22m | Storing File: res://assets/sfx/groan.wav.import[39m[0m
[  20% ] [90m[1msavepack[22m | Storing File: res://.godot/imported/heartbeat.wav-7218cb5d0b6b2efe508c0d0e469a062c.sample[39m[0m
[  20% ] [90m[1msavepack[22m | Storing File: res://assets/sfx/heartbeat.wav.import[39m[0m
[  21% ] [90m[1msavepack[22m | Storing File: res://.godot/imported/hit.wav-05253ad92e646c999917577a1dc2124f.sample[39m[0m
[  21% ] [90m[1msavepack[22m | Storing File: res://assets/sfx/hit.wav.import[39m[0m
[  22% ] [90m[1msavepack[22m | Storing File: res://.godot/imported/hit_player.wav-2f03e77dca56e3ab9504e6ca15ea70b8.sample[39m[0m
[  22% ] [90m[1msavepack[22m | Storing File: res://assets/sfx/hit_player.wav.import[39m[0m
[  23% ] [90m[1msavepack[22m | Storing File: res://.godot/imported/jam.wav-771eb6ea2628c92a0dca1ac5025a4f55.sample[39m[0m
[  23% ] [90m[1msavepack[22m | Storing File: res://assets/sfx/jam.wav.import[39m[0m
[  24% ] [90m[1msavepack[22m | Storing File: res://.godot/imported/laser.wav-78b15818b49fd52d8b28fa67d9b6d801.sample[39m[0m
[  24% ] [90m[1msavepack[22m | Storing File: res://assets/sfx/laser.wav.import[39m[0m
[  25% ] [90m[1msavepack[22m | Storing File: res://.godot/imported/music_combat.wav-b81629c233370cb4d579546323fe8ed9.sample[39m[0m
[  25% ] [90m[1msavepack[22m | Storing File: res://assets/sfx/music_combat.wav.import[39m[0m
[  26% ] [90m[1msavepack[22m | Storing File: res://.godot/imported/music_menu.wav-55e6e6fe71255475151c5562a7fb3dc1.sample[39m[0m
[  26% ] [90m[1msavepack[22m | Storing File: res://assets/sfx/music_menu.wav.import[39m[0m
[  27% ] [90m[1msavepack[22m | Storing File: res://.godot/imported/music_wave.wav-fb1a95286dd87fd9bb6bf67452d15015.sample[39m[0m
[  27% ] [90m[1msavepack[22m | Storing File: res://assets/sfx/music_wave.wav.import[39m[0m
[  28% ] [90m[1msavepack[22m | Storing File: res://.godot/imported/paper.wav-6151d9f8cd01b0f0fc53bad62ebaff01.sample[39m[0m
[  28% ] [90m[1msavepack[22m | Storing File: res://assets/sfx/paper.wav.import[39m[0m
[  29% ] [90m[1msavepack[22m | Storing File: res://.godot/imported/perfect.wav-82db1cf8e06b15e528bc85d0e18e4860.sample[39m[0m
[  29% ] [90m[1msavepack[22m | Storing File: res://assets/sfx/perfect.wav.import[39m[0m
[  30% ] [90m[1msavepack[22m | Storing File: res://.godot/imported/pickup.wav-2aad7c0550afa96cbe4815c7cdbd1e30.sample[39m[0m
[  30% ] [90m[1msavepack[22m | Storing File: res://assets/sfx/pickup.wav.import[39m[0m
[  31% ] [90m[1msavepack[22m | Storing File: res://.godot/imported/powerup.wav-a5c9705696a52b0b097a1fbfb0ff0338.sample[39m[0m
[  31% ] [90m[1msavepack[22m | Storing File: res://assets/sfx/powerup.wav.import[39m[0m
[  32% ] [90m[1msavepack[22m | Storing File: res://.godot/imported/radio.wav-cea1081814412b1a9d67a0a82bb8acc6.sample[39m[0m
[  32% ] [90m[1msavepack[22m | Storing File: res://assets/sfx/radio.wav.import[39m[0m
[  33% ] [90m[1msavepack[22m | Storing File: res://.godot/imported/reload_done.wav-456e2450a443e9270ff931429f01c849.sample[39m[0m
[  33% ] [90m[1msavepack[22m | Storing File: res://assets/sfx/reload_done.wav.import[39m[0m
[  33% ] [90m[1msavepack[22m | Storing File: res://.godot/imported/reload_start.wav-67a84a5beb050843a2958e90b3645813.sample[39m[0m
[  33% ] [90m[1msavepack[22m | Storing File: res://assets/sfx/reload_start.wav.import[39m[0m
[  34% ] [90m[1msavepack[22m | Storing File: res://.godot/imported/rocket.wav-2e689979db59b113073e894dc213905e.sample[39m[0m
[  34% ] [90m[1msavepack[22m | Storing File: res://assets/sfx/rocket.wav.import[39m[0m
[  35% ] [90m[1msavepack[22m | Storing File: res://.godot/imported/roll.wav-1e2fdea0c9feb17626e5054987016dd3.sample[39m[0m
[  35% ] [90m[1msavepack[22m | Storing File: res://assets/sfx/roll.wav.import[39m[0m
[  36% ] [90m[1msavepack[22m | Storing File: res://.godot/imported/score.wav-9ee4f86e81ed0c3778f00d78576fb71d.sample[39m[0m
[  36% ] [90m[1msavepack[22m | Storing File: res://assets/sfx/score.wav.import[39m[0m
[  37% ] [90m[1msavepack[22m | Storing File: res://.godot/imported/shot.wav-178e84ee474a987715212f9fdb1f9ff4.sample[39m[0m
[  37% ] [90m[1msavepack[22m | Storing File: res://assets/sfx/shot.wav.import[39m[0m
[  38% ] [90m[1msavepack[22m | Storing File: res://.godot/imported/shotgun.wav-022bc434f510240c49b6977e4664108e.sample[39m[0m
[  38% ] [90m[1msavepack[22m | Storing File: res://assets/sfx/shotgun.wav.import[39m[0m
[  39% ] [90m[1msavepack[22m | Storing File: res://.godot/imported/shot_buff.wav-3311102488381fd1a5ac24c2fb9f1bc7.sample[39m[0m
[  39% ] [90m[1msavepack[22m | Storing File: res://assets/sfx/shot_buff.wav.import[39m[0m
[  40% ] [90m[1msavepack[22m | Storing File: res://.godot/imported/shout_fire.wav-9b25e565fdf9f73360a3bb1aaea0fce5.sample[39m[0m
[  40% ] [90m[1msavepack[22m | Storing File: res://assets/sfx/shout_fire.wav.import[39m[0m
[  41% ] [90m[1msavepack[22m | Storing File: res://.godot/imported/slowmo.wav-6dd713e93726b5a6da79043eeb7fc497.sample[39m[0m
[  41% ] [90m[1msavepack[22m | Storing File: res://assets/sfx/slowmo.wav.import[39m[0m
[  42% ] [90m[1msavepack[22m | Storing File: res://.godot/imported/splat.wav-9cc505e1a91cd0306b952ac45663bfc1.sample[39m[0m
[  42% ] [90m[1msavepack[22m | Storing File: res://assets/sfx/splat.wav.import[39m[0m
[  43% ] [90m[1msavepack[22m | Storing File: res://.godot/imported/stamp.wav-439ed95cff0d86682f23ea092636398c.sample[39m[0m
[  43% ] [90m[1msavepack[22m | Storing File: res://assets/sfx/stamp.wav.import[39m[0m
[  44% ] [90m[1msavepack[22m | Storing File: res://.godot/imported/swing.wav-fe2e8b66c8d91a80f67819c457004ece.sample[39m[0m
[  44% ] [90m[1msavepack[22m | Storing File: res://assets/sfx/swing.wav.import[39m[0m
[  45% ] [90m[1msavepack[22m | Storing File: res://.godot/imported/telegraph.wav-c5842a1d980b501402b354a904a5cac3.sample[39m[0m
[  45% ] [90m[1msavepack[22m | Storing File: res://assets/sfx/telegraph.wav.import[39m[0m
[  46% ] [90m[1msavepack[22m | Storing File: res://.godot/imported/transform.wav-8659bf0405b23de9d3099f2800d0c1ff.sample[39m[0m
[  46% ] [90m[1msavepack[22m | Storing File: res://assets/sfx/transform.wav.import[39m[0m
[  47% ] [90m[1msavepack[22m | Storing File: res://.godot/imported/type.wav-5c7927cf203fe19ac0221ea09379c214.sample[39m[0m
[  47% ] [90m[1msavepack[22m | Storing File: res://assets/sfx/type.wav.import[39m[0m
[  48% ] [90m[1msavepack[22m | Storing File: res://.godot/imported/ui_click.wav-9a142c8bec8b6ef8f54b0d7148efc53b.sample[39m[0m
[  48% ] [90m[1msavepack[22m | Storing File: res://assets/sfx/ui_click.wav.import[39m[0m
[  49% ] [90m[1msavepack[22m | Storing File: res://.godot/imported/ui_deny.wav-6147bcdbf1ae0deb5f521a5ebb1a9f7c.sample[39m[0m
[  49% ] [90m[1msavepack[22m | Storing File: res://assets/sfx/ui_deny.wav.import[39m[0m
[  50% ] [90m[1msavepack[22m | Storing File: res://.godot/imported/ui_hover.wav-5df8a96f9e36b3dd44f6ced480a5a16a.sample[39m[0m
[  50% ] [90m[1msavepack[22m | Storing File: res://assets/sfx/ui_hover.wav.import[39m[0m
[  51% ] [90m[1msavepack[22m | Storing File: res://.godot/imported/victory.wav-2f965510375d66ebd3a42ae30de2cb60.sample[39m[0m
[  51% ] [90m[1msavepack[22m | Storing File: res://assets/sfx/victory.wav.import[39m[0m
[  52% ] [90m[1msavepack[22m | Storing File: res://.godot/imported/wake.wav-a7cf899052432a51cccef8984c880228.sample[39m[0m
[  52% ] [90m[1msavepack[22m | Storing File: res://assets/sfx/wake.wav.import[39m[0m
[  53% ] [90m[1msavepack[22m | Storing File: res://.godot/exported/133200997/export-3ad5c15c4f3250da0cc7c1af1770d85f-main.scn[39m[0m
[  54% ] [90m[1msavepack[22m | Storing File: res://scripts/actors/actor.gdc[39m[0m
[  55% ] [90m[1msavepack[22m | Storing File: res://scripts/actors/bullet.gdc[39m[0m
[  56% ] [90m[1msavepack[22m | Storing File: res://scripts/actors/enemy.gdc[39m[0m
[  57% ] [90m[1msavepack[22m | Storing File: res://scripts/actors/grenade.gdc[39m[0m
[  58% ] [90m[1msavepack[22m | Storing File: res://scripts/actors/hostage.gdc[39m[0m
[  59% ] [90m[1msavepack[22m | Storing File: res://scripts/actors/player.gdc[39m[0m
[  60% ] [90m[1msavepack[22m | Storing File: res://scripts/actors/zombie.gdc[39m[0m
[  61% ] [90m[1msavepack[22m | Storing File: res://scripts/autoload/game.gdc[39m[0m
[  62% ] [90m[1msavepack[22m | Storing File: res://scripts/autoload/online.gdc[39m[0m
[  63% ] [90m[1msavepack[22m | Storing File: res://scripts/autoload/sfx.gdc[39m[0m
[  64% ] [90m[1msavepack[22m | Storing File: res://scripts/core/char_model.gdc[39m[0m
[  65% ] [90m[1msavepack[22m | Storing File: res://scripts/core/fx.gdc[39m[0m
[  66% ] [90m[1msavepack[22m | Storing File: res://scripts/core/models.gdc[39m[0m
[  66% ] [90m[1msavepack[22m | Storing File: res://scripts/core/pal.gdc[39m[0m
[  67% ] [90m[1msavepack[22m | Storing File: res://scripts/core/style.gdc[39m[0m
[  68% ] [90m[1msavepack[22m | Storing File: res://scripts/core/tips.gdc[39m[0m
[  69% ] [90m[1msavepack[22m | Storing File: res://scripts/core/toon.gdc[39m[0m
[  70% ] [90m[1msavepack[22m | Storing File: res://scripts/core/weapons.gdc[39m[0m
[  71% ] [90m[1msavepack[22m | Storing File: res://shaders/paper.gdshader[39m[0m
[  72% ] [90m[1msavepack[22m | Storing File: res://shaders/scanlines.gdshader[39m[0m
[  73% ] [90m[1msavepack[22m | Storing File: res://shaders/tape.gdshader[39m[0m
[  74% ] [90m[1msavepack[22m | Storing File: res://shaders/cork.gdshader[39m[0m
[  75% ] [90m[1msavepack[22m | Storing File: res://scripts/main.gdc[39m[0m
[  76% ] [90m[1msavepack[22m | Storing File: res://scripts/world/pickup.gdc[39m[0m
[  77% ] [90m[1msavepack[22m | Storing File: res://shaders/screen_fx.gdshader[39m[0m
[  78% ] [90m[1msavepack[22m | Storing File: res://shaders/blur.gdshader[39m[0m
[  79% ] [90m[1msavepack[22m | Storing File: res://.godot/imported/icon.svg-218a8f2b3041327d8a5756f3a245f83b.ctex[39m[0m
[  79% ] [90m[1msavepack[22m | Storing File: res://icon.svg.import[39m[0m
[  80% ] [90m[1msavepack[22m | Storing File: res://scripts/world/map_builder.gdc[39m[0m
[  81% ] [90m[1msavepack[22m | Storing File: res://scripts/ui/briefing.gdc[39m[0m
[  82% ] [90m[1msavepack[22m | Storing File: res://scripts/ui/case_card.gdc[39m[0m
[  83% ] [90m[1msavepack[22m | Storing File: res://scripts/ui/cutscene.gdc[39m[0m
[  84% ] [90m[1msavepack[22m | Storing File: res://scripts/ui/hud.gdc[39m[0m
[  85% ] [90m[1msavepack[22m | Storing File: res://scripts/ui/hud_widgets.gdc[39m[0m
[  86% ] [90m[1msavepack[22m | Storing File: res://scripts/ui/leaderboard_screen.gdc[39m[0m
[  87% ] [90m[1msavepack[22m | Storing File: res://scripts/ui/main_menu.gdc[39m[0m
[  88% ] [90m[1msavepack[22m | Storing File: res://scripts/ui/pause_menu.gdc[39m[0m
[  89% ] [90m[1msavepack[22m | Storing File: res://scripts/ui/portrait.gdc[39m[0m
[  90% ] [90m[1msavepack[22m | Storing File: res://scripts/ui/radio.gdc[39m[0m
[  91% ] [90m[1msavepack[22m | Storing File: res://scripts/ui/results.gdc[39m[0m
[  92% ] [90m[1msavepack[22m | Storing File: res://scripts/ui/sticker_button.gdc[39m[0m
[  93% ] [90m[1msavepack[22m | Storing File: res://scripts/ui/tip_cards.gdc[39m[0m
[  94% ] [90m[1msavepack[22m | Storing File: res://scripts/ui/touch_controls.gdc[39m[0m
[  95% ] [90m[1msavepack[22m | Storing File: res://scripts/world/door.gdc[39m[0m
[  96% ] [90m[1msavepack[22m | Storing File: res://scripts/world/game_camera.gdc[39m[0m
[  97% ] [90m[1msavepack[22m | Storing File: res://scripts/world/ground_guide.gdc[39m[0m
[  98% ] [90m[1msavepack[22m | Storing File: res://scripts/world/level.gdc[39m[0m
[  98% ] [90m[1msavepack[22m | Storing File: res://scenes/main.tscn.remap[39m[0m
[  98% ] [90m[1msavepack[22m | Storing File: res://scripts/actors/actor.gd.remap[39m[0m
[  98% ] [90m[1msavepack[22m | Storing File: res://scripts/actors/bullet.gd.remap[39m[0m
[  98% ] [90m[1msavepack[22m | Storing File: res://scripts/actors/enemy.gd.remap[39m[0m
[  98% ] [90m[1msavepack[22m | Storing File: res://scripts/actors/grenade.gd.remap[39m[0m
[  98% ] [90m[1msavepack[22m | Storing File: res://scripts/actors/hostage.gd.remap[39m[0m
[  98% ] [90m[1msavepack[22m | Storing File: res://scripts/actors/player.gd.remap[39m[0m
[  98% ] [90m[1msavepack[22m | Storing File: res://scripts/actors/zombie.gd.remap[39m[0m
[  98% ] [90m[1msavepack[22m | Storing File: res://scripts/autoload/game.gd.remap[39m[0m
[  98% ] [90m[1msavepack[22m | Storing File: res://scripts/autoload/online.gd.remap[39m[0m
[  98% ] [90m[1msavepack[22m | Storing File: res://scripts/autoload/sfx.gd.remap[39m[0m
[  98% ] [90m[1msavepack[22m | Storing File: res://scripts/core/char_model.gd.remap[39m[0m
[  98% ] [90m[1msavepack[22m | Storing File: res://scripts/core/fx.gd.remap[39m[0m
[  98% ] [90m[1msavepack[22m | Storing File: res://scripts/core/models.gd.remap[39m[0m
[  98% ] [90m[1msavepack[22m | Storing File: res://scripts/core/pal.gd.remap[39m[0m
[  98% ] [90m[1msavepack[22m | Storing File: res://scripts/core/style.gd.remap[39m[0m
[  98% ] [90m[1msavepack[22m | Storing File: res://scripts/core/tips.gd.remap[39m[0m
[  98% ] [90m[1msavepack[22m | Storing File: res://scripts/core/toon.gd.remap[39m[0m
[  98% ] [90m[1msavepack[22m | Storing File: res://scripts/core/weapons.gd.remap[39m[0m
[  98% ] [90m[1msavepack[22m | Storing File: res://scripts/main.gd.remap[39m[0m
[  98% ] [90m[1msavepack[22m | Storing File: res://scripts/world/pickup.gd.remap[39m[0m
[  98% ] [90m[1msavepack[22m | Storing File: res://scripts/world/map_builder.gd.remap[39m[0m
[  98% ] [90m[1msavepack[22m | Storing File: res://scripts/ui/briefing.gd.remap[39m[0m
[  98% ] [90m[1msavepack[22m | Storing File: res://scripts/ui/case_card.gd.remap[39m[0m
[  98% ] [90m[1msavepack[22m | Storing File: res://scripts/ui/cutscene.gd.remap[39m[0m
[  98% ] [90m[1msavepack[22m | Storing File: res://scripts/ui/hud.gd.remap[39m[0m
[  98% ] [90m[1msavepack[22m | Storing File: res://scripts/ui/hud_widgets.gd.remap[39m[0m
[  98% ] [90m[1msavepack[22m | Storing File: res://scripts/ui/leaderboard_screen.gd.remap[39m[0m
[  98% ] [90m[1msavepack[22m | Storing File: res://scripts/ui/main_menu.gd.remap[39m[0m
[  98% ] [90m[1msavepack[22m | Storing File: res://scripts/ui/pause_menu.gd.remap[39m[0m
[  98% ] [90m[1msavepack[22m | Storing File: res://scripts/ui/portrait.gd.remap[39m[0m
[  98% ] [90m[1msavepack[22m | Storing File: res://scripts/ui/radio.gd.remap[39m[0m
[  98% ] [90m[1msavepack[22m | Storing File: res://scripts/ui/results.gd.remap[39m[0m
[  98% ] [90m[1msavepack[22m | Storing File: res://scripts/ui/sticker_button.gd.remap[39m[0m
[  98% ] [90m[1msavepack[22m | Storing File: res://scripts/ui/tip_cards.gd.remap[39m[0m
[  98% ] [90m[1msavepack[22m | Storing File: res://scripts/ui/touch_controls.gd.remap[39m[0m
[  98% ] [90m[1msavepack[22m | Storing File: res://scripts/world/door.gd.remap[39m[0m
[  98% ] [90m[1msavepack[22m | Storing File: res://scripts/world/game_camera.gd.remap[39m[0m
[  98% ] [90m[1msavepack[22m | Storing File: res://scripts/world/ground_guide.gd.remap[39m[0m
[  98% ] [90m[1msavepack[22m | Storing File: res://scripts/world/level.gd.remap[39m[0m
[  98% ] [90m[1msavepack[22m | Storing File: res://.godot/global_script_class_cache.cfg[39m[0m
[  98% ] [90m[1msavepack[22m | Storing File: res://icon.svg[39m[0m
[  98% ] [90m[1msavepack[22m | Storing File: res://.godot/uid_cache.bin[39m[0m
[  98% ] [90m[1msavepack[22m | Storing File: res://project.binary[39m[0m
[92m[ DONE ][39m [1msavepack[22m
[0m
